// Jest Snapshot v1, https://goo.gl/fbAQLP

exports[`snapshot test 1`] = `
<div>
  Hello! This Barefoot Nomad created from Scratch. WOW
</div>
`;
